// Jest Snapshot v1, https://goo.gl/fbAQLP

exports[`App component renders App 1`] = `
<BrowserRouter>
  <Header />
  <Switch>
    <Route
      component={[Function]}
      path="/signup"
    />
    <Route
      component={[Function]}
      path="/login"
    />
    <PrivateRoute
      component={[Function]}
      path="/dashboard"
    />
  </Switch>
</BrowserRouter>
`;
